

*******************************************************************************
Fri Mar  6 11:14:20 2026


FIT:    data read from "derivative_test.dat" using ($1):($4)
        format = x:z
        x range restricted to [-9.00000 : -3.00000]
        #datapoints = 20
        residuals are weighted equally (unit weight)

function used for fitting: f1(x)
	f1(x) = a1*x + b1
fitted parameters initialized with current variable values

iter      chisq       delta/lim  lambda   a1            b1           
   0 7.7070083614e+02   0.00e+00  4.39e+00    1.000000e+00   1.000000e+00
   4 4.5306538241e+00  -1.52e-01  4.39e-04   -9.937655e-01  -1.583497e+01

After 4 iterations the fit converged.
final sum of squares of residuals : 4.53065
rel. change during last iteration : -1.51744e-06

degrees of freedom    (FIT_NDF)                        : 18
rms of residuals      (FIT_STDFIT) = sqrt(WSSR/ndf)    : 0.5017
variance of residuals (reduced chisquare) = WSSR/ndf   : 0.251703

Final set of parameters            Asymptotic Standard Error
=======================            ==========================
a1              = -0.993766        +/- 0.06463      (6.503%)
b1              = -15.835          +/- 0.3956       (2.498%)

correlation matrix of the fit parameters:
                a1     b1     
a1              1.000 
b1              0.959  1.000 


*******************************************************************************
Fri Mar  6 11:14:20 2026


FIT:    data read from "derivative_test.dat" using ($1):($5)
        format = x:z
        x range restricted to [-9.00000 : -3.00000]
        #datapoints = 20
        residuals are weighted equally (unit weight)

function used for fitting: f2(x)
	f2(x) = a2*x + b2
fitted parameters initialized with current variable values

iter      chisq       delta/lim  lambda   a2            b2           
   0 7.1624510317e+02   0.00e+00  4.39e+00    1.000000e+00   1.000000e+00
   4 4.7682691915e+00  -1.43e-01  4.39e-04   -1.033893e+00  -1.574637e+01

After 4 iterations the fit converged.
final sum of squares of residuals : 4.76827
rel. change during last iteration : -1.42802e-06

degrees of freedom    (FIT_NDF)                        : 18
rms of residuals      (FIT_STDFIT) = sqrt(WSSR/ndf)    : 0.514688
variance of residuals (reduced chisquare) = WSSR/ndf   : 0.264904

Final set of parameters            Asymptotic Standard Error
=======================            ==========================
a2              = -1.03389         +/- 0.0663       (6.413%)
b2              = -15.7464         +/- 0.4059       (2.577%)

correlation matrix of the fit parameters:
                a2     b2     
a2              1.000 
b2              0.959  1.000 


*******************************************************************************
Fri Mar  6 11:14:20 2026


FIT:    data read from "derivative_test.dat" using ($1):($4)
        format = x:z
        x range restricted to [-2.00000 : 0.00000]
        #datapoints = 6
        residuals are weighted equally (unit weight)

function used for fitting: f3(x)
	f3(x) = a3*x + b3
fitted parameters initialized with current variable values

iter      chisq       delta/lim  lambda   a3            b3           
   0 5.3063540778e+02   0.00e+00  1.09e+00    1.000000e+00   1.000000e+00
   4 1.5715370497e-05  -1.06e-01  1.09e-04    3.999748e+00  -5.116351e+00

After 4 iterations the fit converged.
final sum of squares of residuals : 1.57154e-05
rel. change during last iteration : -1.06052e-06

degrees of freedom    (FIT_NDF)                        : 4
rms of residuals      (FIT_STDFIT) = sqrt(WSSR/ndf)    : 0.00198213
variance of residuals (reduced chisquare) = WSSR/ndf   : 3.92884e-06

Final set of parameters            Asymptotic Standard Error
=======================            ==========================
a3              = 3.99975          +/- 0.001574     (0.03935%)
b3              = -5.11635         +/- 0.001845     (0.03607%)

correlation matrix of the fit parameters:
                a3     b3     
a3              1.000 
b3              0.899  1.000 


*******************************************************************************
Fri Mar  6 11:14:20 2026


FIT:    data read from "derivative_test.dat" using ($1):($5)
        format = x:z
        x range restricted to [-1.00000 : 0.00000]
        #datapoints = 3
        residuals are weighted equally (unit weight)

function used for fitting: f4(x)
	f4(x) = a4*x + b4
fitted parameters initialized with current variable values

iter      chisq       delta/lim  lambda   a4            b4           
   0 4.3436741763e+02   0.00e+00  8.43e-01    1.000000e+00   1.000000e+00
   4 9.3148408052e-05  -1.82e-02  8.43e-05    6.049853e+00  -7.928333e+00

After 4 iterations the fit converged.
final sum of squares of residuals : 9.31484e-05
rel. change during last iteration : -1.818e-07

degrees of freedom    (FIT_NDF)                        : 1
rms of residuals      (FIT_STDFIT) = sqrt(WSSR/ndf)    : 0.00965134
variance of residuals (reduced chisquare) = WSSR/ndf   : 9.31484e-05

Final set of parameters            Asymptotic Standard Error
=======================            ==========================
a4              = 6.04985          +/- 0.02267      (0.3747%)
b4              = -7.92833         +/- 0.01474      (0.1859%)

correlation matrix of the fit parameters:
                a4     b4     
a4              1.000 
b4              0.926  1.000 


*******************************************************************************
Fri Mar  6 11:14:29 2026


FIT:    data read from "derivative_test.dat" using ($1):($4)
        format = x:z
        x range restricted to [-9.00000 : -3.00000]
        #datapoints = 20
        residuals are weighted equally (unit weight)

function used for fitting: f1(x)
	f1(x) = a1*x + b1
fitted parameters initialized with current variable values

iter      chisq       delta/lim  lambda   a1            b1           
   0 7.7070083614e+02   0.00e+00  4.39e+00    1.000000e+00   1.000000e+00
   4 4.5306538241e+00  -1.52e-01  4.39e-04   -9.937655e-01  -1.583497e+01

After 4 iterations the fit converged.
final sum of squares of residuals : 4.53065
rel. change during last iteration : -1.51744e-06

degrees of freedom    (FIT_NDF)                        : 18
rms of residuals      (FIT_STDFIT) = sqrt(WSSR/ndf)    : 0.5017
variance of residuals (reduced chisquare) = WSSR/ndf   : 0.251703

Final set of parameters            Asymptotic Standard Error
=======================            ==========================
a1              = -0.993766        +/- 0.06463      (6.503%)
b1              = -15.835          +/- 0.3956       (2.498%)

correlation matrix of the fit parameters:
                a1     b1     
a1              1.000 
b1              0.959  1.000 


*******************************************************************************
Fri Mar  6 11:14:29 2026


FIT:    data read from "derivative_test.dat" using ($1):($5)
        format = x:z
        x range restricted to [-9.00000 : -3.00000]
        #datapoints = 20
        residuals are weighted equally (unit weight)

function used for fitting: f2(x)
	f2(x) = a2*x + b2
fitted parameters initialized with current variable values

iter      chisq       delta/lim  lambda   a2            b2           
   0 7.1624510317e+02   0.00e+00  4.39e+00    1.000000e+00   1.000000e+00
   4 4.7682691915e+00  -1.43e-01  4.39e-04   -1.033893e+00  -1.574637e+01

After 4 iterations the fit converged.
final sum of squares of residuals : 4.76827
rel. change during last iteration : -1.42802e-06

degrees of freedom    (FIT_NDF)                        : 18
rms of residuals      (FIT_STDFIT) = sqrt(WSSR/ndf)    : 0.514688
variance of residuals (reduced chisquare) = WSSR/ndf   : 0.264904

Final set of parameters            Asymptotic Standard Error
=======================            ==========================
a2              = -1.03389         +/- 0.0663       (6.413%)
b2              = -15.7464         +/- 0.4059       (2.577%)

correlation matrix of the fit parameters:
                a2     b2     
a2              1.000 
b2              0.959  1.000 


*******************************************************************************
Fri Mar  6 11:14:29 2026


FIT:    data read from "derivative_test.dat" using ($1):($4)
        format = x:z
        x range restricted to [-2.00000 : 0.00000]
        #datapoints = 6
        residuals are weighted equally (unit weight)

function used for fitting: f3(x)
	f3(x) = a3*x + b3
fitted parameters initialized with current variable values

iter      chisq       delta/lim  lambda   a3            b3           
   0 5.3063540778e+02   0.00e+00  1.09e+00    1.000000e+00   1.000000e+00
   4 1.5715370497e-05  -1.06e-01  1.09e-04    3.999748e+00  -5.116351e+00

After 4 iterations the fit converged.
final sum of squares of residuals : 1.57154e-05
rel. change during last iteration : -1.06052e-06

degrees of freedom    (FIT_NDF)                        : 4
rms of residuals      (FIT_STDFIT) = sqrt(WSSR/ndf)    : 0.00198213
variance of residuals (reduced chisquare) = WSSR/ndf   : 3.92884e-06

Final set of parameters            Asymptotic Standard Error
=======================            ==========================
a3              = 3.99975          +/- 0.001574     (0.03935%)
b3              = -5.11635         +/- 0.001845     (0.03607%)

correlation matrix of the fit parameters:
                a3     b3     
a3              1.000 
b3              0.899  1.000 


*******************************************************************************
Fri Mar  6 11:14:29 2026


FIT:    data read from "derivative_test.dat" using ($1):($5)
        format = x:z
        x range restricted to [-1.00000 : 0.00000]
        #datapoints = 3
        residuals are weighted equally (unit weight)

function used for fitting: f4(x)
	f4(x) = a4*x + b4
fitted parameters initialized with current variable values

iter      chisq       delta/lim  lambda   a4            b4           
   0 4.3436741763e+02   0.00e+00  8.43e-01    1.000000e+00   1.000000e+00
   4 9.3148408052e-05  -1.82e-02  8.43e-05    6.049853e+00  -7.928333e+00

After 4 iterations the fit converged.
final sum of squares of residuals : 9.31484e-05
rel. change during last iteration : -1.818e-07

degrees of freedom    (FIT_NDF)                        : 1
rms of residuals      (FIT_STDFIT) = sqrt(WSSR/ndf)    : 0.00965134
variance of residuals (reduced chisquare) = WSSR/ndf   : 9.31484e-05

Final set of parameters            Asymptotic Standard Error
=======================            ==========================
a4              = 6.04985          +/- 0.02267      (0.3747%)
b4              = -7.92833         +/- 0.01474      (0.1859%)

correlation matrix of the fit parameters:
                a4     b4     
a4              1.000 
b4              0.926  1.000 


*******************************************************************************
Fri Mar  6 11:15:13 2026


FIT:    data read from "derivative_test.dat" using ($1):($4)
        format = x:z
        x range restricted to [-9.00000 : -3.00000]
        #datapoints = 20
        residuals are weighted equally (unit weight)

function used for fitting: f1(x)
	f1(x) = a1*x + b1
fitted parameters initialized with current variable values

iter      chisq       delta/lim  lambda   a1            b1           
   0 7.7070083614e+02   0.00e+00  4.39e+00    1.000000e+00   1.000000e+00
   4 4.5306538241e+00  -1.52e-01  4.39e-04   -9.937655e-01  -1.583497e+01

After 4 iterations the fit converged.
final sum of squares of residuals : 4.53065
rel. change during last iteration : -1.51744e-06

degrees of freedom    (FIT_NDF)                        : 18
rms of residuals      (FIT_STDFIT) = sqrt(WSSR/ndf)    : 0.5017
variance of residuals (reduced chisquare) = WSSR/ndf   : 0.251703

Final set of parameters            Asymptotic Standard Error
=======================            ==========================
a1              = -0.993766        +/- 0.06463      (6.503%)
b1              = -15.835          +/- 0.3956       (2.498%)

correlation matrix of the fit parameters:
                a1     b1     
a1              1.000 
b1              0.959  1.000 


*******************************************************************************
Fri Mar  6 11:15:13 2026


FIT:    data read from "derivative_test.dat" using ($1):($5)
        format = x:z
        x range restricted to [-9.00000 : -3.00000]
        #datapoints = 20
        residuals are weighted equally (unit weight)

function used for fitting: f2(x)
	f2(x) = a2*x + b2
fitted parameters initialized with current variable values

iter      chisq       delta/lim  lambda   a2            b2           
   0 7.1624510317e+02   0.00e+00  4.39e+00    1.000000e+00   1.000000e+00
   4 4.7682691915e+00  -1.43e-01  4.39e-04   -1.033893e+00  -1.574637e+01

After 4 iterations the fit converged.
final sum of squares of residuals : 4.76827
rel. change during last iteration : -1.42802e-06

degrees of freedom    (FIT_NDF)                        : 18
rms of residuals      (FIT_STDFIT) = sqrt(WSSR/ndf)    : 0.514688
variance of residuals (reduced chisquare) = WSSR/ndf   : 0.264904

Final set of parameters            Asymptotic Standard Error
=======================            ==========================
a2              = -1.03389         +/- 0.0663       (6.413%)
b2              = -15.7464         +/- 0.4059       (2.577%)

correlation matrix of the fit parameters:
                a2     b2     
a2              1.000 
b2              0.959  1.000 


*******************************************************************************
Fri Mar  6 11:15:13 2026


FIT:    data read from "derivative_test.dat" using ($1):($4)
        format = x:z
        x range restricted to [-2.00000 : 0.00000]
        #datapoints = 6
        residuals are weighted equally (unit weight)

function used for fitting: f3(x)
	f3(x) = a3*x + b3
fitted parameters initialized with current variable values

iter      chisq       delta/lim  lambda   a3            b3           
   0 5.3063540778e+02   0.00e+00  1.09e+00    1.000000e+00   1.000000e+00
   4 1.5715370497e-05  -1.06e-01  1.09e-04    3.999748e+00  -5.116351e+00

After 4 iterations the fit converged.
final sum of squares of residuals : 1.57154e-05
rel. change during last iteration : -1.06052e-06

degrees of freedom    (FIT_NDF)                        : 4
rms of residuals      (FIT_STDFIT) = sqrt(WSSR/ndf)    : 0.00198213
variance of residuals (reduced chisquare) = WSSR/ndf   : 3.92884e-06

Final set of parameters            Asymptotic Standard Error
=======================            ==========================
a3              = 3.99975          +/- 0.001574     (0.03935%)
b3              = -5.11635         +/- 0.001845     (0.03607%)

correlation matrix of the fit parameters:
                a3     b3     
a3              1.000 
b3              0.899  1.000 


*******************************************************************************
Fri Mar  6 11:15:13 2026


FIT:    data read from "derivative_test.dat" using ($1):($5)
        format = x:z
        x range restricted to [-1.00000 : 0.00000]
        #datapoints = 3
        residuals are weighted equally (unit weight)

function used for fitting: f4(x)
	f4(x) = a4*x + b4
fitted parameters initialized with current variable values

iter      chisq       delta/lim  lambda   a4            b4           
   0 4.3436741763e+02   0.00e+00  8.43e-01    1.000000e+00   1.000000e+00
   4 9.3148408052e-05  -1.82e-02  8.43e-05    6.049853e+00  -7.928333e+00

After 4 iterations the fit converged.
final sum of squares of residuals : 9.31484e-05
rel. change during last iteration : -1.818e-07

degrees of freedom    (FIT_NDF)                        : 1
rms of residuals      (FIT_STDFIT) = sqrt(WSSR/ndf)    : 0.00965134
variance of residuals (reduced chisquare) = WSSR/ndf   : 9.31484e-05

Final set of parameters            Asymptotic Standard Error
=======================            ==========================
a4              = 6.04985          +/- 0.02267      (0.3747%)
b4              = -7.92833         +/- 0.01474      (0.1859%)

correlation matrix of the fit parameters:
                a4     b4     
a4              1.000 
b4              0.926  1.000 


*******************************************************************************
Fri Mar  6 11:15:25 2026


FIT:    data read from "derivative_test.dat" using ($1):($4)
        format = x:z
        x range restricted to [-9.00000 : -3.00000]
        #datapoints = 20
        residuals are weighted equally (unit weight)

function used for fitting: f1(x)
	f1(x) = a1*x + b1
fitted parameters initialized with current variable values

iter      chisq       delta/lim  lambda   a1            b1           
   0 7.7070083614e+02   0.00e+00  4.39e+00    1.000000e+00   1.000000e+00
   4 4.5306538241e+00  -1.52e-01  4.39e-04   -9.937655e-01  -1.583497e+01

After 4 iterations the fit converged.
final sum of squares of residuals : 4.53065
rel. change during last iteration : -1.51744e-06

degrees of freedom    (FIT_NDF)                        : 18
rms of residuals      (FIT_STDFIT) = sqrt(WSSR/ndf)    : 0.5017
variance of residuals (reduced chisquare) = WSSR/ndf   : 0.251703

Final set of parameters            Asymptotic Standard Error
=======================            ==========================
a1              = -0.993766        +/- 0.06463      (6.503%)
b1              = -15.835          +/- 0.3956       (2.498%)

correlation matrix of the fit parameters:
                a1     b1     
a1              1.000 
b1              0.959  1.000 


*******************************************************************************
Fri Mar  6 11:15:25 2026


FIT:    data read from "derivative_test.dat" using ($1):($5)
        format = x:z
        x range restricted to [-9.00000 : -3.00000]
        #datapoints = 20
        residuals are weighted equally (unit weight)

function used for fitting: f2(x)
	f2(x) = a2*x + b2
fitted parameters initialized with current variable values

iter      chisq       delta/lim  lambda   a2            b2           
   0 7.1624510317e+02   0.00e+00  4.39e+00    1.000000e+00   1.000000e+00
   4 4.7682691915e+00  -1.43e-01  4.39e-04   -1.033893e+00  -1.574637e+01

After 4 iterations the fit converged.
final sum of squares of residuals : 4.76827
rel. change during last iteration : -1.42802e-06

degrees of freedom    (FIT_NDF)                        : 18
rms of residuals      (FIT_STDFIT) = sqrt(WSSR/ndf)    : 0.514688
variance of residuals (reduced chisquare) = WSSR/ndf   : 0.264904

Final set of parameters            Asymptotic Standard Error
=======================            ==========================
a2              = -1.03389         +/- 0.0663       (6.413%)
b2              = -15.7464         +/- 0.4059       (2.577%)

correlation matrix of the fit parameters:
                a2     b2     
a2              1.000 
b2              0.959  1.000 


*******************************************************************************
Fri Mar  6 11:15:25 2026


FIT:    data read from "derivative_test.dat" using ($1):($4)
        format = x:z
        x range restricted to [-2.00000 : 0.00000]
        #datapoints = 6
        residuals are weighted equally (unit weight)

function used for fitting: f3(x)
	f3(x) = a3*x + b3
fitted parameters initialized with current variable values

iter      chisq       delta/lim  lambda   a3            b3           
   0 5.3063540778e+02   0.00e+00  1.09e+00    1.000000e+00   1.000000e+00
   4 1.5715370497e-05  -1.06e-01  1.09e-04    3.999748e+00  -5.116351e+00

After 4 iterations the fit converged.
final sum of squares of residuals : 1.57154e-05
rel. change during last iteration : -1.06052e-06

degrees of freedom    (FIT_NDF)                        : 4
rms of residuals      (FIT_STDFIT) = sqrt(WSSR/ndf)    : 0.00198213
variance of residuals (reduced chisquare) = WSSR/ndf   : 3.92884e-06

Final set of parameters            Asymptotic Standard Error
=======================            ==========================
a3              = 3.99975          +/- 0.001574     (0.03935%)
b3              = -5.11635         +/- 0.001845     (0.03607%)

correlation matrix of the fit parameters:
                a3     b3     
a3              1.000 
b3              0.899  1.000 


*******************************************************************************
Fri Mar  6 11:15:25 2026


FIT:    data read from "derivative_test.dat" using ($1):($5)
        format = x:z
        x range restricted to [-1.00000 : 0.00000]
        #datapoints = 3
        residuals are weighted equally (unit weight)

function used for fitting: f4(x)
	f4(x) = a4*x + b4
fitted parameters initialized with current variable values

iter      chisq       delta/lim  lambda   a4            b4           
   0 4.3436741763e+02   0.00e+00  8.43e-01    1.000000e+00   1.000000e+00
   4 9.3148408052e-05  -1.82e-02  8.43e-05    6.049853e+00  -7.928333e+00

After 4 iterations the fit converged.
final sum of squares of residuals : 9.31484e-05
rel. change during last iteration : -1.818e-07

degrees of freedom    (FIT_NDF)                        : 1
rms of residuals      (FIT_STDFIT) = sqrt(WSSR/ndf)    : 0.00965134
variance of residuals (reduced chisquare) = WSSR/ndf   : 9.31484e-05

Final set of parameters            Asymptotic Standard Error
=======================            ==========================
a4              = 6.04985          +/- 0.02267      (0.3747%)
b4              = -7.92833         +/- 0.01474      (0.1859%)

correlation matrix of the fit parameters:
                a4     b4     
a4              1.000 
b4              0.926  1.000 
